// Vitest Snapshot v1, https://vitest.dev/guide/snapshot.html

exports[`ApiStack > matches the known-good synthesized template snapshot (dev) 1`] = `
{
  "Parameters": {
    "BootstrapVersion": {
      "Default": "/cdk-bootstrap/hnb659fds/version",
      "Description": "Version of the CDK Bootstrap resources in this environment, automatically retrieved from SSM Parameter Store. [cdk:skip]",
      "Type": "AWS::SSM::Parameter::Value<String>",
    },
  },
  "Resources": {
    "ApiApiLogsRole90293F72": {
      "Properties": {
        "AssumeRolePolicyDocument": {
          "Statement": [
            {
              "Action": "sts:AssumeRole",
              "Effect": "Allow",
              "Principal": {
                "Service": "appsync.amazonaws.com",
              },
            },
          ],
          "Version": "2012-10-17",
        },
        "ManagedPolicyArns": [
          {
            "Fn::Join": [
              "",
              [
                "arn:",
                {
                  "Ref": "AWS::Partition",
                },
                ":iam::aws:policy/service-role/AWSAppSyncPushToCloudWatchLogs",
              ],
            ],
          },
        ],
      },
      "Type": "AWS::IAM::Role",
    },
    "ApiF70053CD": {
      "Properties": {
        "AuthenticationType": "AMAZON_COGNITO_USER_POOLS",
        "LogConfig": {
          "CloudWatchLogsRoleArn": {
            "Fn::GetAtt": [
              "ApiApiLogsRole90293F72",
              "Arn",
            ],
          },
          "FieldLogLevel": "ERROR",
        },
        "Name": "parimaan-dev",
        "UserPoolConfig": {
          "AwsRegion": {
            "Ref": "AWS::Region",
          },
          "DefaultAction": "ALLOW",
          "UserPoolId": {
            "Fn::ImportValue": "Parimaan-dev-FakeAuth:ExportsOutputRefUserPool6BA7E5F296FD7236",
          },
        },
        "XrayEnabled": true,
      },
      "Type": "AWS::AppSync::GraphQLApi",
    },
    "ApiHealthDataSourceCE41636B": {
      "Properties": {
        "ApiId": {
          "Fn::GetAtt": [
            "ApiF70053CD",
            "ApiId",
          ],
        },
        "LambdaConfig": {
          "LambdaFunctionArn": {
            "Fn::GetAtt": [
              "HealthFn0EF18565",
              "Arn",
            ],
          },
        },
        "Name": "HealthDataSource",
        "ServiceRoleArn": {
          "Fn::GetAtt": [
            "ApiHealthDataSourceServiceRole60267691",
            "Arn",
          ],
        },
        "Type": "AWS_LAMBDA",
      },
      "Type": "AWS::AppSync::DataSource",
    },
    "ApiHealthDataSourceServiceRole60267691": {
      "Properties": {
        "AssumeRolePolicyDocument": {
          "Statement": [
            {
              "Action": "sts:AssumeRole",
              "Effect": "Allow",
              "Principal": {
                "Service": "appsync.amazonaws.com",
              },
            },
          ],
          "Version": "2012-10-17",
        },
      },
      "Type": "AWS::IAM::Role",
    },
    "ApiHealthDataSourceServiceRoleDefaultPolicy4736B06E": {
      "Properties": {
        "PolicyDocument": {
          "Statement": [
            {
              "Action": "lambda:InvokeFunction",
              "Effect": "Allow",
              "Resource": [
                {
                  "Fn::GetAtt": [
                    "HealthFn0EF18565",
                    "Arn",
                  ],
                },
                {
                  "Fn::Join": [
                    "",
                    [
                      {
                        "Fn::GetAtt": [
                          "HealthFn0EF18565",
                          "Arn",
                        ],
                      },
                      ":*",
                    ],
                  ],
                },
              ],
            },
          ],
          "Version": "2012-10-17",
        },
        "PolicyName": "ApiHealthDataSourceServiceRoleDefaultPolicy4736B06E",
        "Roles": [
          {
            "Ref": "ApiHealthDataSourceServiceRole60267691",
          },
        ],
      },
      "Type": "AWS::IAM::Policy",
    },
    "ApiHealthResolver45E27E05": {
      "DependsOn": [
        "ApiHealthDataSourceCE41636B",
        "ApiSchema510EECD7",
      ],
      "Properties": {
        "ApiId": {
          "Fn::GetAtt": [
            "ApiF70053CD",
            "ApiId",
          ],
        },
        "DataSourceName": "HealthDataSource",
        "FieldName": "_health",
        "Kind": "UNIT",
        "TypeName": "Query",
      },
      "Type": "AWS::AppSync::Resolver",
    },
    "ApiLogRetention94272E33": {
      "Properties": {
        "LogGroupName": {
          "Fn::Join": [
            "",
            [
              "/aws/appsync/apis/",
              {
                "Fn::GetAtt": [
                  "ApiF70053CD",
                  "ApiId",
                ],
              },
            ],
          ],
        },
        "ServiceToken": {
          "Fn::GetAtt": [
            "LogRetentionaae0aa3c5b4d4f87b02d85b201efdd8aFD4BFC8A",
            "Arn",
          ],
        },
      },
      "Type": "Custom::LogRetention",
    },
    "ApiSchema510EECD7": {
      "Properties": {
        "ApiId": {
          "Fn::GetAtt": [
            "ApiF70053CD",
            "ApiId",
          ],
        },
        "Definition": "# Parimaan GraphQL schema — SINGLE SOURCE OF TRUTH.
#
# This file feeds four consumers:
#   1. ferry_generator      → Dart types for mobile/
#   2. graphql-codegen      → TypeScript types for api/ and web/
#   3. urql                 → web/ client operations
#   4. Zod schema authoring → server-side validation in api/
#
# Never hand-edit a generated artifact. Edit this file, regenerate, commit both.
# Any change here is a \`doc-updater\` trigger: re-sync SYSTEM_DESIGN.md §6.1.
#
# The real schema (SYSTEM_DESIGN.md §6.1 — households, recipes, pantry, etc.)
# lands incrementally starting W1, alongside the resolvers that implement each
# field. Right now this file holds only the \`_health\` placeholder, wired to a
# real Lambda resolver in api-stack — that pipeline (AppSync → Lambda →
# response) working end-to-end is the actual W1 milestone, not the full schema.

type Query {
  """Health-check field. Proves the AppSync → Lambda → response pipeline works."""
  _health: String!
}
",
      },
      "Type": "AWS::AppSync::GraphQLSchema",
    },
    "HealthFn0EF18565": {
      "DependsOn": [
        "HealthFnServiceRoleA02F5DA7",
      ],
      "Properties": {
        "Code": {
          "S3Bucket": {
            "Fn::Sub": "cdk-hnb659fds-assets-\${AWS::AccountId}-\${AWS::Region}",
          },
          "S3Key": "<ASSET_HASH>.zip",
        },
        "Handler": "index.handler",
        "Role": {
          "Fn::GetAtt": [
            "HealthFnServiceRoleA02F5DA7",
            "Arn",
          ],
        },
        "Runtime": "nodejs24.x",
      },
      "Type": "AWS::Lambda::Function",
    },
    "HealthFnServiceRoleA02F5DA7": {
      "Properties": {
        "AssumeRolePolicyDocument": {
          "Statement": [
            {
              "Action": "sts:AssumeRole",
              "Effect": "Allow",
              "Principal": {
                "Service": "lambda.amazonaws.com",
              },
            },
          ],
          "Version": "2012-10-17",
        },
        "ManagedPolicyArns": [
          {
            "Fn::Join": [
              "",
              [
                "arn:",
                {
                  "Ref": "AWS::Partition",
                },
                ":iam::aws:policy/service-role/AWSLambdaBasicExecutionRole",
              ],
            ],
          },
        ],
      },
      "Type": "AWS::IAM::Role",
    },
    "LogRetentionaae0aa3c5b4d4f87b02d85b201efdd8aFD4BFC8A": {
      "DependsOn": [
        "LogRetentionaae0aa3c5b4d4f87b02d85b201efdd8aServiceRoleDefaultPolicyADDA7DEB",
        "LogRetentionaae0aa3c5b4d4f87b02d85b201efdd8aServiceRole9741ECFB",
      ],
      "Properties": {
        "Code": {
          "S3Bucket": {
            "Fn::Sub": "cdk-hnb659fds-assets-\${AWS::AccountId}-\${AWS::Region}",
          },
          "S3Key": "<ASSET_HASH>.zip",
        },
        "Handler": "index.handler",
        "Role": {
          "Fn::GetAtt": [
            "LogRetentionaae0aa3c5b4d4f87b02d85b201efdd8aServiceRole9741ECFB",
            "Arn",
          ],
        },
        "Runtime": "nodejs24.x",
        "Timeout": 900,
      },
      "Type": "AWS::Lambda::Function",
    },
    "LogRetentionaae0aa3c5b4d4f87b02d85b201efdd8aServiceRole9741ECFB": {
      "Properties": {
        "AssumeRolePolicyDocument": {
          "Statement": [
            {
              "Action": "sts:AssumeRole",
              "Effect": "Allow",
              "Principal": {
                "Service": "lambda.amazonaws.com",
              },
            },
          ],
          "Version": "2012-10-17",
        },
        "ManagedPolicyArns": [
          {
            "Fn::Join": [
              "",
              [
                "arn:",
                {
                  "Ref": "AWS::Partition",
                },
                ":iam::aws:policy/service-role/AWSLambdaBasicExecutionRole",
              ],
            ],
          },
        ],
      },
      "Type": "AWS::IAM::Role",
    },
    "LogRetentionaae0aa3c5b4d4f87b02d85b201efdd8aServiceRoleDefaultPolicyADDA7DEB": {
      "Properties": {
        "PolicyDocument": {
          "Statement": [
            {
              "Action": [
                "logs:PutRetentionPolicy",
                "logs:DeleteRetentionPolicy",
              ],
              "Effect": "Allow",
              "Resource": "*",
            },
          ],
          "Version": "2012-10-17",
        },
        "PolicyName": "LogRetentionaae0aa3c5b4d4f87b02d85b201efdd8aServiceRoleDefaultPolicyADDA7DEB",
        "Roles": [
          {
            "Ref": "LogRetentionaae0aa3c5b4d4f87b02d85b201efdd8aServiceRole9741ECFB",
          },
        ],
      },
      "Type": "AWS::IAM::Policy",
    },
  },
  "Rules": {
    "CheckBootstrapVersion": {
      "Assertions": [
        {
          "Assert": {
            "Fn::Not": [
              {
                "Fn::Contains": [
                  [
                    "1",
                    "2",
                    "3",
                    "4",
                    "5",
                  ],
                  {
                    "Ref": "BootstrapVersion",
                  },
                ],
              },
            ],
          },
          "AssertDescription": "CDK bootstrap stack version 6 required. Please run 'cdk bootstrap' with a recent version of the CDK CLI.",
        },
      ],
    },
  },
}
`;
