// Vitest Snapshot v1, https://vitest.dev/guide/snapshot.html

exports[`DataStack > matches the known-good synthesized template snapshot (dev) 1`] = `
{
  "Parameters": {
    "BootstrapVersion": {
      "Default": "/cdk-bootstrap/hnb659fds/version",
      "Description": "Version of the CDK Bootstrap resources in this environment, automatically retrieved from SSM Parameter Store. [cdk:skip]",
      "Type": "AWS::SSM::Parameter::Value<String>",
    },
  },
  "Resources": {
    "AuroraCluster23D869C0": {
      "DeletionPolicy": "Snapshot",
      "Properties": {
        "BackupRetentionPeriod": 7,
        "CopyTagsToSnapshot": true,
        "DBClusterParameterGroupName": "default.aurora-postgresql16",
        "DBSubnetGroupName": {
          "Ref": "AuroraClusterSubnetsF3E9E6AD",
        },
        "Engine": "aurora-postgresql",
        "EngineVersion": "16.4",
        "MasterUserPassword": {
          "Fn::Join": [
            "",
            [
              "{{resolve:secretsmanager:",
              {
                "Ref": "ParimaandevDataAuroraClusterSecretE0EC3F773fdaad7efa858a3daf9490cf0a702aeb",
              },
              ":SecretString:password::}}",
            ],
          ],
        },
        "MasterUsername": "parimaan_admin",
        "Port": 5432,
        "ServerlessV2ScalingConfiguration": {
          "MaxCapacity": 2,
          "MinCapacity": 0.5,
          "SecondsUntilAutoPause": 300,
        },
        "StorageEncrypted": true,
        "VpcSecurityGroupIds": [
          {
            "Fn::GetAtt": [
              "DbSecurityGroupE9D701AD",
              "GroupId",
            ],
          },
        ],
      },
      "Type": "AWS::RDS::DBCluster",
      "UpdateReplacePolicy": "Snapshot",
    },
    "AuroraClusterSecretAttachmentDB8032DA": {
      "Properties": {
        "SecretId": {
          "Ref": "ParimaandevDataAuroraClusterSecretE0EC3F773fdaad7efa858a3daf9490cf0a702aeb",
        },
        "TargetId": {
          "Ref": "AuroraCluster23D869C0",
        },
        "TargetType": "AWS::RDS::DBCluster",
      },
      "Type": "AWS::SecretsManager::SecretTargetAttachment",
    },
    "AuroraClusterSubnetsF3E9E6AD": {
      "Properties": {
        "DBSubnetGroupDescription": "Subnets for AuroraCluster database",
        "SubnetIds": [
          {
            "Fn::ImportValue": "Parimaan-dev-FakeNetwork:ExportsOutputRefVpcisolatedSubnet1SubnetE62B1B9BEE029908",
          },
          {
            "Fn::ImportValue": "Parimaan-dev-FakeNetwork:ExportsOutputRefVpcisolatedSubnet2Subnet392170557C27A199",
          },
        ],
      },
      "Type": "AWS::RDS::DBSubnetGroup",
    },
    "AuroraClusterWriterAA1AB06C": {
      "DeletionPolicy": "Delete",
      "Properties": {
        "DBClusterIdentifier": {
          "Ref": "AuroraCluster23D869C0",
        },
        "DBInstanceClass": "db.serverless",
        "Engine": "aurora-postgresql",
        "PromotionTier": 0,
        "PubliclyAccessible": false,
      },
      "Type": "AWS::RDS::DBInstance",
      "UpdateReplacePolicy": "Delete",
    },
    "CacheTableC1E6DF7E": {
      "DeletionPolicy": "Delete",
      "Properties": {
        "AttributeDefinitions": [
          {
            "AttributeName": "PK",
            "AttributeType": "S",
          },
          {
            "AttributeName": "SK",
            "AttributeType": "S",
          },
        ],
        "BillingMode": "PAY_PER_REQUEST",
        "KeySchema": [
          {
            "AttributeName": "PK",
            "KeyType": "HASH",
          },
          {
            "AttributeName": "SK",
            "KeyType": "RANGE",
          },
        ],
        "TableName": "parimaan-cache-dev",
        "TimeToLiveSpecification": {
          "AttributeName": "ttl",
          "Enabled": true,
        },
      },
      "Type": "AWS::DynamoDB::Table",
      "UpdateReplacePolicy": "Delete",
    },
    "DbSecurityGroupE9D701AD": {
      "Properties": {
        "GroupDescription": "Aurora Serverless v2 cluster - ingress added by api-stack",
        "SecurityGroupEgress": [
          {
            "CidrIp": "0.0.0.0/0",
            "Description": "Allow all outbound traffic by default",
            "IpProtocol": "-1",
          },
        ],
        "VpcId": {
          "Fn::ImportValue": "Parimaan-dev-FakeNetwork:ExportsOutputRefVpc8378EB38272D6E3A",
        },
      },
      "Type": "AWS::EC2::SecurityGroup",
    },
    "ExportsBucket5A12738B": {
      "DeletionPolicy": "Delete",
      "Properties": {
        "BucketEncryption": {
          "ServerSideEncryptionConfiguration": [
            {
              "ServerSideEncryptionByDefault": {
                "SSEAlgorithm": "AES256",
              },
            },
          ],
        },
        "BucketName": "parimaan-exports-dev",
        "LifecycleConfiguration": {
          "Rules": [
            {
              "ExpirationInDays": 30,
              "Status": "Enabled",
            },
          ],
        },
        "PublicAccessBlockConfiguration": {
          "BlockPublicAcls": true,
          "BlockPublicPolicy": true,
          "IgnorePublicAcls": true,
          "RestrictPublicBuckets": true,
        },
      },
      "Type": "AWS::S3::Bucket",
      "UpdateReplacePolicy": "Delete",
    },
    "ParimaandevDataAuroraClusterSecretE0EC3F773fdaad7efa858a3daf9490cf0a702aeb": {
      "DeletionPolicy": "Delete",
      "Properties": {
        "Description": {
          "Fn::Join": [
            "",
            [
              "Generated by the CDK for stack: ",
              {
                "Ref": "AWS::StackName",
              },
            ],
          ],
        },
        "GenerateSecretString": {
          "ExcludeCharacters": " %+~\`#$&*()|[]{}:;<>?!'/@"\\",
          "GenerateStringKey": "password",
          "PasswordLength": 30,
          "SecretStringTemplate": "{"username":"parimaan_admin"}",
        },
      },
      "Type": "AWS::SecretsManager::Secret",
      "UpdateReplacePolicy": "Delete",
    },
    "UploadsBucket5E5E9B64": {
      "DeletionPolicy": "Delete",
      "Properties": {
        "BucketEncryption": {
          "ServerSideEncryptionConfiguration": [
            {
              "ServerSideEncryptionByDefault": {
                "SSEAlgorithm": "AES256",
              },
            },
          ],
        },
        "BucketName": "parimaan-uploads-dev",
        "PublicAccessBlockConfiguration": {
          "BlockPublicAcls": true,
          "BlockPublicPolicy": true,
          "IgnorePublicAcls": true,
          "RestrictPublicBuckets": true,
        },
      },
      "Type": "AWS::S3::Bucket",
      "UpdateReplacePolicy": "Delete",
    },
  },
  "Rules": {
    "CheckBootstrapVersion": {
      "Assertions": [
        {
          "Assert": {
            "Fn::Not": [
              {
                "Fn::Contains": [
                  [
                    "1",
                    "2",
                    "3",
                    "4",
                    "5",
                  ],
                  {
                    "Ref": "BootstrapVersion",
                  },
                ],
              },
            ],
          },
          "AssertDescription": "CDK bootstrap stack version 6 required. Please run 'cdk bootstrap' with a recent version of the CDK CLI.",
        },
      ],
    },
  },
}
`;
