// Vitest Snapshot v1, https://vitest.dev/guide/snapshot.html

exports[`NetworkStack > matches the known-good synthesized template snapshot (dev) 1`] = `
{
  "Parameters": {
    "BootstrapVersion": {
      "Default": "/cdk-bootstrap/hnb659fds/version",
      "Description": "Version of the CDK Bootstrap resources in this environment, automatically retrieved from SSM Parameter Store. [cdk:skip]",
      "Type": "AWS::SSM::Parameter::Value<String>",
    },
  },
  "Resources": {
    "Vpc8378EB38": {
      "Properties": {
        "CidrBlock": "10.0.0.0/16",
        "EnableDnsHostnames": true,
        "EnableDnsSupport": true,
        "InstanceTenancy": "default",
        "Tags": [
          {
            "Key": "Name",
            "Value": "Parimaan-dev-Network/Vpc",
          },
        ],
      },
      "Type": "AWS::EC2::VPC",
    },
    "VpcBedrock49A6983B": {
      "Properties": {
        "PrivateDnsEnabled": true,
        "SecurityGroupIds": [
          {
            "Fn::GetAtt": [
              "VpcBedrockSecurityGroupF85E052F",
              "GroupId",
            ],
          },
        ],
        "ServiceName": {
          "Fn::Join": [
            "",
            [
              "com.amazonaws.",
              {
                "Ref": "AWS::Region",
              },
              ".bedrock-runtime",
            ],
          ],
        },
        "SubnetIds": [
          {
            "Ref": "VpcisolatedSubnet1SubnetE62B1B9B",
          },
          {
            "Ref": "VpcisolatedSubnet2Subnet39217055",
          },
        ],
        "Tags": [
          {
            "Key": "Name",
            "Value": "Parimaan-dev-Network/Vpc",
          },
        ],
        "VpcEndpointType": "Interface",
        "VpcId": {
          "Ref": "Vpc8378EB38",
        },
      },
      "Type": "AWS::EC2::VPCEndpoint",
    },
    "VpcBedrockSecurityGroupF85E052F": {
      "Properties": {
        "GroupDescription": "Parimaan-dev-Network/Vpc/Bedrock/SecurityGroup",
        "SecurityGroupEgress": [
          {
            "CidrIp": "0.0.0.0/0",
            "Description": "Allow all outbound traffic by default",
            "IpProtocol": "-1",
          },
        ],
        "SecurityGroupIngress": [
          {
            "CidrIp": {
              "Fn::GetAtt": [
                "Vpc8378EB38",
                "CidrBlock",
              ],
            },
            "Description": {
              "Fn::Join": [
                "",
                [
                  "from ",
                  {
                    "Fn::GetAtt": [
                      "Vpc8378EB38",
                      "CidrBlock",
                    ],
                  },
                  ":443",
                ],
              ],
            },
            "FromPort": 443,
            "IpProtocol": "tcp",
            "ToPort": 443,
          },
        ],
        "Tags": [
          {
            "Key": "Name",
            "Value": "Parimaan-dev-Network/Vpc",
          },
        ],
        "VpcId": {
          "Ref": "Vpc8378EB38",
        },
      },
      "Type": "AWS::EC2::SecurityGroup",
    },
    "VpcDynamoDbAFC3533B": {
      "Properties": {
        "RouteTableIds": [
          {
            "Ref": "VpcpublicSubnet1RouteTable15C15F8E",
          },
          {
            "Ref": "VpcpublicSubnet2RouteTableC5A6DF77",
          },
          {
            "Ref": "VpcisolatedSubnet1RouteTableE442650B",
          },
          {
            "Ref": "VpcisolatedSubnet2RouteTable334F9764",
          },
        ],
        "ServiceName": {
          "Fn::Join": [
            "",
            [
              "com.amazonaws.",
              {
                "Ref": "AWS::Region",
              },
              ".dynamodb",
            ],
          ],
        },
        "Tags": [
          {
            "Key": "Name",
            "Value": "Parimaan-dev-Network/Vpc",
          },
        ],
        "VpcEndpointType": "Gateway",
        "VpcId": {
          "Ref": "Vpc8378EB38",
        },
      },
      "Type": "AWS::EC2::VPCEndpoint",
    },
    "VpcIGWD7BA715C": {
      "Properties": {
        "Tags": [
          {
            "Key": "Name",
            "Value": "Parimaan-dev-Network/Vpc",
          },
        ],
      },
      "Type": "AWS::EC2::InternetGateway",
    },
    "VpcS3A5408339": {
      "Properties": {
        "RouteTableIds": [
          {
            "Ref": "VpcpublicSubnet1RouteTable15C15F8E",
          },
          {
            "Ref": "VpcpublicSubnet2RouteTableC5A6DF77",
          },
          {
            "Ref": "VpcisolatedSubnet1RouteTableE442650B",
          },
          {
            "Ref": "VpcisolatedSubnet2RouteTable334F9764",
          },
        ],
        "ServiceName": {
          "Fn::Join": [
            "",
            [
              "com.amazonaws.",
              {
                "Ref": "AWS::Region",
              },
              ".s3",
            ],
          ],
        },
        "Tags": [
          {
            "Key": "Name",
            "Value": "Parimaan-dev-Network/Vpc",
          },
        ],
        "VpcEndpointType": "Gateway",
        "VpcId": {
          "Ref": "Vpc8378EB38",
        },
      },
      "Type": "AWS::EC2::VPCEndpoint",
    },
    "VpcSecretsManagerC91B0406": {
      "Properties": {
        "PrivateDnsEnabled": true,
        "SecurityGroupIds": [
          {
            "Fn::GetAtt": [
              "VpcSecretsManagerSecurityGroup3DBAE5C3",
              "GroupId",
            ],
          },
        ],
        "ServiceName": {
          "Fn::Join": [
            "",
            [
              "com.amazonaws.",
              {
                "Ref": "AWS::Region",
              },
              ".secretsmanager",
            ],
          ],
        },
        "SubnetIds": [
          {
            "Ref": "VpcisolatedSubnet1SubnetE62B1B9B",
          },
          {
            "Ref": "VpcisolatedSubnet2Subnet39217055",
          },
        ],
        "Tags": [
          {
            "Key": "Name",
            "Value": "Parimaan-dev-Network/Vpc",
          },
        ],
        "VpcEndpointType": "Interface",
        "VpcId": {
          "Ref": "Vpc8378EB38",
        },
      },
      "Type": "AWS::EC2::VPCEndpoint",
    },
    "VpcSecretsManagerSecurityGroup3DBAE5C3": {
      "Properties": {
        "GroupDescription": "Parimaan-dev-Network/Vpc/SecretsManager/SecurityGroup",
        "SecurityGroupEgress": [
          {
            "CidrIp": "0.0.0.0/0",
            "Description": "Allow all outbound traffic by default",
            "IpProtocol": "-1",
          },
        ],
        "SecurityGroupIngress": [
          {
            "CidrIp": {
              "Fn::GetAtt": [
                "Vpc8378EB38",
                "CidrBlock",
              ],
            },
            "Description": {
              "Fn::Join": [
                "",
                [
                  "from ",
                  {
                    "Fn::GetAtt": [
                      "Vpc8378EB38",
                      "CidrBlock",
                    ],
                  },
                  ":443",
                ],
              ],
            },
            "FromPort": 443,
            "IpProtocol": "tcp",
            "ToPort": 443,
          },
        ],
        "Tags": [
          {
            "Key": "Name",
            "Value": "Parimaan-dev-Network/Vpc",
          },
        ],
        "VpcId": {
          "Ref": "Vpc8378EB38",
        },
      },
      "Type": "AWS::EC2::SecurityGroup",
    },
    "VpcVPCGWBF912B6E": {
      "Properties": {
        "InternetGatewayId": {
          "Ref": "VpcIGWD7BA715C",
        },
        "VpcId": {
          "Ref": "Vpc8378EB38",
        },
      },
      "Type": "AWS::EC2::VPCGatewayAttachment",
    },
    "VpcisolatedSubnet1RouteTableAssociationD259E31A": {
      "Properties": {
        "RouteTableId": {
          "Ref": "VpcisolatedSubnet1RouteTableE442650B",
        },
        "SubnetId": {
          "Ref": "VpcisolatedSubnet1SubnetE62B1B9B",
        },
      },
      "Type": "AWS::EC2::SubnetRouteTableAssociation",
    },
    "VpcisolatedSubnet1RouteTableE442650B": {
      "Properties": {
        "Tags": [
          {
            "Key": "Name",
            "Value": "Parimaan-dev-Network/Vpc/isolatedSubnet1",
          },
        ],
        "VpcId": {
          "Ref": "Vpc8378EB38",
        },
      },
      "Type": "AWS::EC2::RouteTable",
    },
    "VpcisolatedSubnet1SubnetE62B1B9B": {
      "Properties": {
        "AvailabilityZone": {
          "Fn::Select": [
            0,
            {
              "Fn::GetAZs": "",
            },
          ],
        },
        "CidrBlock": "10.0.2.0/24",
        "MapPublicIpOnLaunch": false,
        "Tags": [
          {
            "Key": "aws-cdk:subnet-name",
            "Value": "isolated",
          },
          {
            "Key": "aws-cdk:subnet-type",
            "Value": "Isolated",
          },
          {
            "Key": "Name",
            "Value": "Parimaan-dev-Network/Vpc/isolatedSubnet1",
          },
        ],
        "VpcId": {
          "Ref": "Vpc8378EB38",
        },
      },
      "Type": "AWS::EC2::Subnet",
    },
    "VpcisolatedSubnet2RouteTable334F9764": {
      "Properties": {
        "Tags": [
          {
            "Key": "Name",
            "Value": "Parimaan-dev-Network/Vpc/isolatedSubnet2",
          },
        ],
        "VpcId": {
          "Ref": "Vpc8378EB38",
        },
      },
      "Type": "AWS::EC2::RouteTable",
    },
    "VpcisolatedSubnet2RouteTableAssociation25A4716F": {
      "Properties": {
        "RouteTableId": {
          "Ref": "VpcisolatedSubnet2RouteTable334F9764",
        },
        "SubnetId": {
          "Ref": "VpcisolatedSubnet2Subnet39217055",
        },
      },
      "Type": "AWS::EC2::SubnetRouteTableAssociation",
    },
    "VpcisolatedSubnet2Subnet39217055": {
      "Properties": {
        "AvailabilityZone": {
          "Fn::Select": [
            1,
            {
              "Fn::GetAZs": "",
            },
          ],
        },
        "CidrBlock": "10.0.3.0/24",
        "MapPublicIpOnLaunch": false,
        "Tags": [
          {
            "Key": "aws-cdk:subnet-name",
            "Value": "isolated",
          },
          {
            "Key": "aws-cdk:subnet-type",
            "Value": "Isolated",
          },
          {
            "Key": "Name",
            "Value": "Parimaan-dev-Network/Vpc/isolatedSubnet2",
          },
        ],
        "VpcId": {
          "Ref": "Vpc8378EB38",
        },
      },
      "Type": "AWS::EC2::Subnet",
    },
    "VpcpublicSubnet1DefaultRouteB88F9E93": {
      "DependsOn": [
        "VpcVPCGWBF912B6E",
      ],
      "Properties": {
        "DestinationCidrBlock": "0.0.0.0/0",
        "GatewayId": {
          "Ref": "VpcIGWD7BA715C",
        },
        "RouteTableId": {
          "Ref": "VpcpublicSubnet1RouteTable15C15F8E",
        },
      },
      "Type": "AWS::EC2::Route",
    },
    "VpcpublicSubnet1RouteTable15C15F8E": {
      "Properties": {
        "Tags": [
          {
            "Key": "Name",
            "Value": "Parimaan-dev-Network/Vpc/publicSubnet1",
          },
        ],
        "VpcId": {
          "Ref": "Vpc8378EB38",
        },
      },
      "Type": "AWS::EC2::RouteTable",
    },
    "VpcpublicSubnet1RouteTableAssociation4E83B6E4": {
      "Properties": {
        "RouteTableId": {
          "Ref": "VpcpublicSubnet1RouteTable15C15F8E",
        },
        "SubnetId": {
          "Ref": "VpcpublicSubnet1Subnet2BB74ED7",
        },
      },
      "Type": "AWS::EC2::SubnetRouteTableAssociation",
    },
    "VpcpublicSubnet1Subnet2BB74ED7": {
      "Properties": {
        "AvailabilityZone": {
          "Fn::Select": [
            0,
            {
              "Fn::GetAZs": "",
            },
          ],
        },
        "CidrBlock": "10.0.0.0/24",
        "MapPublicIpOnLaunch": true,
        "Tags": [
          {
            "Key": "aws-cdk:subnet-name",
            "Value": "public",
          },
          {
            "Key": "aws-cdk:subnet-type",
            "Value": "Public",
          },
          {
            "Key": "Name",
            "Value": "Parimaan-dev-Network/Vpc/publicSubnet1",
          },
        ],
        "VpcId": {
          "Ref": "Vpc8378EB38",
        },
      },
      "Type": "AWS::EC2::Subnet",
    },
    "VpcpublicSubnet2DefaultRoute732F0BEB": {
      "DependsOn": [
        "VpcVPCGWBF912B6E",
      ],
      "Properties": {
        "DestinationCidrBlock": "0.0.0.0/0",
        "GatewayId": {
          "Ref": "VpcIGWD7BA715C",
        },
        "RouteTableId": {
          "Ref": "VpcpublicSubnet2RouteTableC5A6DF77",
        },
      },
      "Type": "AWS::EC2::Route",
    },
    "VpcpublicSubnet2RouteTableAssociationCCE257FF": {
      "Properties": {
        "RouteTableId": {
          "Ref": "VpcpublicSubnet2RouteTableC5A6DF77",
        },
        "SubnetId": {
          "Ref": "VpcpublicSubnet2SubnetE34B022A",
        },
      },
      "Type": "AWS::EC2::SubnetRouteTableAssociation",
    },
    "VpcpublicSubnet2RouteTableC5A6DF77": {
      "Properties": {
        "Tags": [
          {
            "Key": "Name",
            "Value": "Parimaan-dev-Network/Vpc/publicSubnet2",
          },
        ],
        "VpcId": {
          "Ref": "Vpc8378EB38",
        },
      },
      "Type": "AWS::EC2::RouteTable",
    },
    "VpcpublicSubnet2SubnetE34B022A": {
      "Properties": {
        "AvailabilityZone": {
          "Fn::Select": [
            1,
            {
              "Fn::GetAZs": "",
            },
          ],
        },
        "CidrBlock": "10.0.1.0/24",
        "MapPublicIpOnLaunch": true,
        "Tags": [
          {
            "Key": "aws-cdk:subnet-name",
            "Value": "public",
          },
          {
            "Key": "aws-cdk:subnet-type",
            "Value": "Public",
          },
          {
            "Key": "Name",
            "Value": "Parimaan-dev-Network/Vpc/publicSubnet2",
          },
        ],
        "VpcId": {
          "Ref": "Vpc8378EB38",
        },
      },
      "Type": "AWS::EC2::Subnet",
    },
  },
  "Rules": {
    "CheckBootstrapVersion": {
      "Assertions": [
        {
          "Assert": {
            "Fn::Not": [
              {
                "Fn::Contains": [
                  [
                    "1",
                    "2",
                    "3",
                    "4",
                    "5",
                  ],
                  {
                    "Ref": "BootstrapVersion",
                  },
                ],
              },
            ],
          },
          "AssertDescription": "CDK bootstrap stack version 6 required. Please run 'cdk bootstrap' with a recent version of the CDK CLI.",
        },
      ],
    },
  },
}
`;
